C:/Users/mehta/AppData/Local/Programs/Python/Python310/python.exe : C:\Users\mehta\AppData\Local\Pro
grams\Python\Python310\lib\site-packages\pytest_asyncio\plugin.py:208: PytestDeprecationWarning: 
The configuration option "asyncio_default_fixture_loop_scope" is unset.
At line:1 char:68
+ ... se-ml-api'; C:/Users/mehta/AppData/Local/Programs/Python/Python310/py ...
+                 ~~~~~~~~~~~~~~~~~~~~~~~~~~~~~~~~~~~~~~~~~~~~~~~~~~~~~~~~~
    + CategoryInfo          : NotSpecified: (C:\Users\mehta\...cope" is unset.:String) [], RemoteEx 
   ception
    + FullyQualifiedErrorId : NativeCommandError
 
The event loop scope for asynchronous fixtures will default to the fixture caching scope. Future 
versions of pytest-asyncio will default the loop scope for asynchronous fixtures to function scope. 
Set the default fixture loop scope explicitly in order to avoid unexpected behavior in the future. 
Valid fixture loop scopes are: "function", "class", "module", "package", "session"

  warnings.warn(PytestDeprecationWarning(_DEFAULT_FIXTURE_LOOP_SCOPE_UNSET))
============================= test session starts =============================
platform win32 -- Python 3.10.0, pytest-8.3.3, pluggy-1.6.0 -- C:\Users\mehta\AppData\Local\Programs\Python\Python310\python.exe
cachedir: .pytest_cache
rootdir: D:\PROGRAMS\stocksense-workspace\stocksense-ml-api
plugins: anyio-4.14.1, asyncio-0.24.0
asyncio: mode=strict, default_loop_scope=None
collecting ... collected 17 items

tests/test_features.py::test_engineer_features_returns_dataframe PASSED  [  5%]
tests/test_features.py::test_engineer_features_has_target PASSED         [ 11%]
tests/test_features.py::test_engineer_features_no_nulls PASSED           [ 17%]
tests/test_features.py::test_feature_columns_excludes_ohlcv_and_target PASSED [ 23%]
tests/test_features.py::test_rsi_bounded PASSED                          [ 29%]
tests/test_features.py::test_bb_pct_reasonable PASSED                    [ 35%]
tests/test_features.py::test_atr_positive PASSED                         [ 41%]
tests/test_model_selector.py::test_select_model_thin_data PASSED         [ 47%]
tests/test_model_selector.py::test_select_model_medium_data PASSED       [ 52%]
tests/test_model_selector.py::test_select_model_standard_data PASSED     [ 58%]
tests/test_model_selector.py::test_train_evaluate_returns_result PASSED  [ 64%]
tests/test_model_selector.py::test_train_evaluate_ridge FAILED           [ 70%]
tests/test_model_selector.py::test_time_series_split_no_leakage PASSED   [ 76%]
tests/test_risk_scorer.py::test_risk_score_in_range PASSED               [ 82%]
tests/test_risk_scorer.py::test_risk_label_valid PASSED                  [ 88%]
tests/test_risk_scorer.py::test_higher_volatility_gives_higher_score PASSED [ 94%]
tests/test_risk_scorer.py::test_large_predicted_move_increases_score PASSED [100%]

================================== FAILURES ===================================
__________________________ test_train_evaluate_ridge __________________________

    def test_train_evaluate_ridge():
        df_raw  = make_ohlcv(120)
        df      = engineer_features(df_raw)
        cols    = get_feature_columns(df)
>       result  = train_and_evaluate(df, cols, "TEST.NS", force_model="Ridge")

tests\test_model_selector.py:48: 
_ _ _ _ _ _ _ _ _ _ _ _ _ _ _ _ _ _ _ _ _ _ _ _ _ _ _ _ _ _ _ _ _ _ _ _ _ _ _ _
app\models\selector.py:94: in train_and_evaluate
    splits = list(tscv.split(X))
_ _ _ _ _ _ _ _ _ _ _ _ _ _ _ _ _ _ _ _ _ _ _ _ _ _ _ _ _ _ _ _ _ _ _ _ _ _ _ _

self = TimeSeriesSplit(gap=0, max_train_size=None, n_splits=5, test_size=None)
X = array([], shape=(0, 39), dtype=float64)

    def _split(self, X):
        """Generate indices to split data into training and test set.
    
        Parameters
        ----------
        X : array-like of shape (n_samples, n_features)
            Training data, where `n_samples` is the number of samples
            and `n_features` is the number of features.
    
        Yields
        ------
        train : ndarray
            The training set indices for that split.
    
        test : ndarray
            The testing set indices for that split.
        """
        (X,) = indexable(X)
        n_samples = _num_samples(X)
        n_splits = self.n_splits
        n_folds = n_splits + 1
        gap = self.gap
        test_size = (
            self.test_size if self.test_size is not None else n_samples // n_folds
        )
    
        # Make sure we have enough samples for the given split parameters
        if n_folds > n_samples:
>           raise ValueError(
                f"Cannot have number of folds={n_folds} greater"
                f" than the number of samples={n_samples}."
            )
E           ValueError: Cannot have number of folds=6 greater than the number of samples=0.

C:\Users\mehta\AppData\Local\Programs\Python\Python310\lib\site-packages\sklearn\model_selection\_split.py:1247: ValueError
============================== warnings summary ===============================
C:\Users\mehta\AppData\Local\Programs\Python\Python310\lib\site-packages\pydantic\_internal\_fields.py:132
  C:\Users\mehta\AppData\Local\Programs\Python\Python310\lib\site-packages\pydantic\_internal\_fields.py:132: UserWarning: Field "model_version" in Settings has conflict with protected namespace "model_".
  
  You may be able to resolve this warning by setting `model_config['protected_namespaces'] = ('settings_',)`.
    warnings.warn(

-- Docs: https://docs.pytest.org/en/stable/how-to/capture-warnings.html
=========================== short test summary info ===========================
FAILED tests/test_model_selector.py::test_train_evaluate_ridge - ValueError: ...
=================== 1 failed, 16 passed, 1 warning in 6.99s ===================
